{
    "test_samtools_sort": {
        "content": [
            {
                "0": [
                    [
                        {
                            "id": "test",
                            "single_end": false
                        },
                        "test.sorted.bam:md5,309fd06ed676e7851eda22505132f728",
                        "test.sorted.bam.bai:md5,2c02a9b519c6979eebf07e3ad40fa12e"
                    ]
                ],
                "1": [

                ],
                "2": [
                    "versions.yml:md5,71140c760cb15f7f02cc48f3ed90149e"
                ],
                "bam": [
                    [
                        {
                            "id": "test",
                            "single_end": false
                        },
                        "test.sorted.bam:md5,2488c73846ea4d9cb67187af1c58c716",
                        "test.sorted.bam.bai:md5,2c02a9b519c6979eebf07e3ad40fa12e"
                    ]
                ],
                "csi": [

                ],
                "versions": [
                    "versions.yml:md5,71140c760cb15f7f02cc48f3ed90149e"
                ]
            }
        ],
        "timestamp": "2023-10-24T13:53:20.473892"
    },
    "test_samtools_sort_stub": {
        "content": [
            {
                "0": [
                    [
                        {
                            "id": "test",
                            "single_end": false
                        },
                        "test.sorted.bam:md5,d41d8cd98f00b204e9800998ecf8427e",
                        "test.sorted.bam.bai:md5,d41d8cd98f00b204e9800998ecf8427e"
                    ]
                ],
                "1": [

                ],
                "2": [
                    "versions.yml:md5,71140c760cb15f7f02cc48f3ed90149e"
                ],
                "bam": [
                    [
                        {
                            "id": "test",
                            "single_end": false
                        },
                        "test.sorted.bam:md5,d41d8cd98f00b204e9800998ecf8427e",
                        "test.sorted.bam.bai:md5,d41d8cd98f00b204e9800998ecf8427e"
                    ]
                ],
                "csi": [

                ],
                "versions": [
                    "versions.yml:md5,71140c760cb15f7f02cc48f3ed90149e"
                ]
            }
        ],
        "timestamp": "2023-10-24T13:53:25.129302"
    }
}
